// Vitest Snapshot v1, https://vitest.dev/guide/snapshot.html

exports[`MCP server over stdio > lists every tool with a stable input surface 1`] = `
{
  "analyze_playlist": {
    "destructive": false,
    "inputs": [
      "genres",
      "playlist",
      "refresh",
      "tempo",
    ],
    "readOnly": true,
  },
  "compare_playlists": {
    "destructive": false,
    "inputs": [
      "sources",
    ],
    "readOnly": true,
  },
  "compare_taste": {
    "destructive": false,
    "inputs": [
      "draftId",
      "reorderKnownFirst",
    ],
    "readOnly": false,
  },
  "connect": {
    "destructive": false,
    "inputs": [
      "clientId",
      "force",
    ],
    "readOnly": false,
  },
  "create_draft": {
    "destructive": false,
    "inputs": [
      "allowVersions",
      "artists",
      "bpmRange",
      "days",
      "description",
      "discoveryOnly",
      "excludeArtists",
      "excludeExplicit",
      "excludeTracksFrom",
      "lineup",
      "maxDurationMin",
      "maxTracks",
      "name",
      "order",
      "provider",
      "public",
      "seeds",
      "skipCovers",
      "sources",
      "stopIfUnresolved",
      "strictBpm",
      "strictYear",
      "tracksPerArtist",
      "tracksPerTier",
      "yearRange",
    ],
    "readOnly": false,
  },
  "create_playlist": {
    "destructive": false,
    "inputs": [
      "allowPartial",
      "confirm",
      "draftId",
      "mode",
    ],
    "readOnly": false,
  },
  "delete_draft": {
    "destructive": true,
    "inputs": [
      "draftId",
    ],
    "readOnly": false,
  },
  "disconnect": {
    "destructive": true,
    "inputs": [
      "purge",
    ],
    "readOnly": false,
  },
  "edit_draft": {
    "destructive": false,
    "inputs": [
      "draftId",
      "expectedRevision",
      "ops",
    ],
    "readOnly": false,
  },
  "expand_playlist": {
    "destructive": false,
    "inputs": [
      "allowVersions",
      "bpmRange",
      "discoveryOnly",
      "excludeArtists",
      "excludeExisting",
      "excludeExplicit",
      "limitArtists",
      "maxDurationMin",
      "maxTracks",
      "name",
      "order",
      "playlist",
      "provider",
      "public",
      "skipCovers",
      "strictBpm",
      "strictYear",
      "tracksPerArtist",
      "tracksPerTier",
      "yearRange",
    ],
    "readOnly": false,
  },
  "export_draft": {
    "destructive": false,
    "inputs": [
      "draftId",
      "format",
      "overwrite",
      "save",
    ],
    "readOnly": false,
  },
  "get_draft": {
    "destructive": false,
    "inputs": [
      "draftId",
      "limit",
      "offset",
      "view",
      "waitSeconds",
    ],
    "readOnly": true,
  },
  "list_drafts": {
    "destructive": false,
    "inputs": [],
    "readOnly": true,
  },
  "merge_playlists": {
    "destructive": false,
    "inputs": [
      "description",
      "excludeExplicit",
      "maxTracks",
      "name",
      "order",
      "playlists",
      "public",
    ],
    "readOnly": false,
  },
  "parse_lineup": {
    "destructive": false,
    "inputs": [
      "text",
    ],
    "readOnly": true,
  },
  "read_playlist": {
    "destructive": false,
    "inputs": [
      "limit",
      "offset",
      "playlist",
      "refresh",
      "view",
    ],
    "readOnly": true,
  },
  "refresh_taste": {
    "destructive": false,
    "inputs": [
      "allowVersions",
      "bpmRange",
      "discoveryOnly",
      "excludeArtists",
      "excludeExplicit",
      "excludeLibrary",
      "excludePlaylists",
      "limitArtists",
      "maxDurationMin",
      "maxTracks",
      "name",
      "order",
      "provider",
      "public",
      "skipCovers",
      "strictBpm",
      "strictYear",
      "tracksPerArtist",
      "tracksPerTier",
      "yearRange",
    ],
    "readOnly": false,
  },
  "search_tracks": {
    "destructive": false,
    "inputs": [
      "limit",
      "provider",
      "query",
    ],
    "readOnly": true,
  },
  "setup": {
    "destructive": false,
    "inputs": [
      "clientId",
      "lastfmApiKey",
      "redirectPort",
    ],
    "readOnly": false,
  },
  "status": {
    "destructive": false,
    "inputs": [],
    "readOnly": true,
  },
  "update_playlist": {
    "destructive": true,
    "inputs": [
      "draftId",
      "force",
    ],
    "readOnly": false,
  },
}
`;
